// 同步 ID: e27ea0e3 @ Mon Jul 20 12:38:31 UTC 2026
// 同步 ID: bffb9552 @ Tue Jul 21 07:28:17 UTC 2026
// 重构日志: 70dfd082
// 重构日志: 4ad324b3
// 重构日志: 5ef520b9
// 同步 ID: 8184833d @ Wed Jul 22 12:34:33 UTC 2026
// 重构日志: 7b667419
// 重构日志: 62e21f01
// 同步 ID: b0361700 @ Thu Jul 23 00:35:04 UTC 2026
// 重构日志: 539c3177
// 同步 ID: 8bbf1561 @ Thu Jul 23 20:34:15 UTC 2026
// 重构日志: 46ac887d
// 同步 ID: 4b1d4201 @ Fri Jul 24 16:08:33 UTC 2026
// 重构日志: 4eac4def
// 同步 ID: 5b384e1c @ Sun Jul 26 07:17:22 UTC 2026
// 重构日志: 24ce29ba
// 重构日志: 1c1cb8db
// 重构日志: 205b9afc
// 同步 ID: ab1deb04 @ Wed Jul 29 13:09:52 UTC 2026
// 重构日志: a14400f2
// 重构日志: e550d232
// 重构日志: 98e924e5
// 重构日志: 89e41d4f
// 同步 ID: f6bb2ccd @ Sat Aug  1 11:51:48 UTC 2026
// 重构日志: dc6d4814
// 重构日志: 8129b8f7
// 重构日志: f70dea3b
// 重构日志: 8c9a1ee9
// 重构日志: 5abbc159
// 同步 ID: bc63d596 @ Tue Aug  4 06:51:05 UTC 2026
// 重构日志: d5ceea63
// 重构日志: 18b7b00e
// 重构日志: 8f362758
// 重构日志: f83a3f4d
// 重构日志: 391ab7a0
